START_UTC=2026-08-27T00:27:52.5930102Z
COMMAND=python -m pytest tools/sound_sim/s12/tests tools/sound_sim/s12/acoustic_identity_v015/tests -q
....................................................... [  5%]
................................ [  8%]
................................................ [ 13%]
.................................................................. [ 19%]
............................................. [ 24%]
........................................................................ [ 31%]
........................................................................ [ 38%]
.................................................................. [ 44%]
............... [ 46%]
......................................................................................... [ 55%]
........................................................................ [ 62%]
........................................................................ [ 69%]
........................................................................ [ 76%]
........................................................................ [ 83%]
........................................................................ [ 90%]
...........................................s............................ [ 97%]
........................                                                 [100%]
1015 passed, 1 skipped, 232 subtests passed in 1701.94s (0:28:21)
END_UTC=2026-08-27T00:56:15.8878685Z
EXIT_CODE=0
