TASK6E_V26_GENERATION=1
COMMAND_LABEL=single_durable_python_generator
SCHEDULED_TASK_NAME=Codex_Task6E_v26_20260828192837312
PARENT_PID=4356
PARENT_UTC=2026-08-28T11:28:37.3196006Z
PRECONDITIONS_OK=1
SCHEDULED_TASK_REGISTERED=1
SCHEDULED_TASK_STARTED=1
RUNNER_PID=7776
UTC_START=2026-08-28T11:28:39.2251613Z
PYTHON_PATH=C:\Users\Admin\AppData\Local\Microsoft\WindowsApps\python.exe
PYTHON_PID=40756
PYTHON_EXIT=
UTC_END=2026-08-28T11:28:39.5210478Z
RUNNER_END=1
RUNNER_PID=46248
UTC_START=2026-08-28T11:28:41.0172275Z
PYTHON_PATH=C:\Users\Admin\AppData\Local\Microsoft\WindowsApps\python.exe
PYTHON_PID=41196
PYTHON_EXIT=
UTC_END=2026-08-28T11:28:41.2869089Z
RUNNER_END=1
PYTHON_EXIT_INFERRED=1 (stderr SyntaxError: code argument truncated to `from`; no generator call entered)
FINAL_STATUS=BLOCKED_NO_RETRY
