 M .gitignore
?? tasks/reports/runtime/s12-stage-w/logs/task6ab_gate1_stage_w.run.log
?? tasks/reports/runtime/s12-stage-w/logs/task6ab_gate1_stage_w.stderr.log
?? tasks/reports/runtime/s12-stage-w/logs/task6ab_gate1_stage_w.stdout.log
?? tasks/reports/runtime/s12-stage-w/logs/task6d_v25_generation.run.log
?? tasks/reports/runtime/s12-stage-w/logs/task6d_v25_generation.stderr.log
?? tasks/reports/runtime/s12-stage-w/logs/task6d_v25_generation.stdout.log
?? tasks/reports/runtime/s12-stage-w/logs/task6e_v26_generation.run.log
?? tasks/reports/runtime/s12-stage-w/logs/task6e_v26_generation.stderr.log
?? tasks/reports/runtime/s12-stage-w/logs/task6e_v26_generation.stdout.log
?? tasks/reports/runtime/s12-stage-w/logs/task6f_v26_generation.run.log
?? tasks/reports/runtime/s12-stage-w/logs/task6f_v26_generation.stderr.log
?? tasks/reports/runtime/s12-stage-w/logs/task6f_v26_generation.stdout.log
?? tasks/reports/runtime/s12-stage-w/logs/task6f_v26_preflight.log
?? tasks/reports/runtime/s12-stage-w/logs/task6h_v26_import_preflight.log
?? tasks/reports/runtime/s12-stage-w/logs/task6q_v27_p2.run.log
?? tasks/reports/runtime/s12-stage-w/logs/task6q_v27_p2.stderr.log
?? tasks/reports/runtime/s12-stage-w/logs/task6q_v27_p2.stdout.log
?? tasks/reports/runtime/s12-stage-w/logs/task6s_v27_p2.run.log
?? tasks/reports/runtime/s12-stage-w/logs/task6s_v27_p2.stderr.log
?? tasks/reports/runtime/s12-stage-w/logs/task6s_v27_p2.stdout.log
?? tasks/reports/runtime/s12-stage-w/logs/task6t_v27_p2h.run.log
?? tasks/reports/runtime/s12-stage-w/logs/task6t_v27_p2h.stderr.log
?? tasks/reports/runtime/s12-stage-w/logs/task6t_v27_p2h.stdout.log
?? tasks/reports/runtime/s12-stage-w/logs/task6u_v27_p3.run.log
?? tasks/reports/runtime/s12-stage-w/logs/task6u_v27_p3.stderr.log
?? tasks/reports/runtime/s12-stage-w/logs/task6u_v27_p3.stdout.log
?? tasks/reports/runtime/s12-stage-w/logs/task6v_v27_p5.run.log
?? tasks/reports/runtime/s12-stage-w/logs/task6v_v27_p5.stderr.log
?? tasks/reports/runtime/s12-stage-w/logs/task6v_v27_p5.stdout.log
?? tasks/reports/runtime/s12-stage-w/logs/task6w_v27_assembly.run.log
?? tasks/reports/runtime/s12-stage-w/logs/task6w_v27_assembly.stderr.log
?? tasks/reports/runtime/s12-stage-w/logs/task6w_v27_assembly.stdout.log
?? tasks/reports/runtime/s12-stage-w/logs/task6x_v27_rx7.run.log
?? tasks/reports/runtime/s12-stage-w/logs/task6x_v27_rx7.stderr.log
?? tasks/reports/runtime/s12-stage-w/logs/task6x_v27_rx7.stdout.log
?? tasks/reports/runtime/s12-stage-w/logs/task6y_v27_ferrari.run.log
?? tasks/reports/runtime/s12-stage-w/logs/task6y_v27_ferrari.stderr.log
?? tasks/reports/runtime/s12-stage-w/logs/task6y_v27_ferrari.stdout.log
?? tasks/reports/runtime/s12-stage-w/logs/task6z_gate1_stage_w.run.log
?? tasks/reports/runtime/s12-stage-w/logs/task6z_gate1_stage_w.stderr.log
?? tasks/reports/runtime/s12-stage-w/logs/task6z_gate1_stage_w.stdout.log
?? tasks/reports/runtime/s12-stage-w/logs/task6z_gate1_stage_w2.run.log
?? tasks/reports/runtime/s12-stage-w/logs/task6z_gate1_stage_w2.stderr.log
?? tasks/reports/runtime/s12-stage-w/logs/task6z_gate1_stage_w2.stdout.log
?? tasks/reports/runtime/s12-stage-w/logs/task6z_gate2_stage_v.run.log
?? tasks/reports/runtime/s12-stage-w/logs/task6z_gate2_stage_v.stderr.log
?? tasks/reports/runtime/s12-stage-w/logs/task6z_gate2_stage_v.stdout.log
?? tasks/reports/runtime/s12-stage-w/logs/task6z_gate3_slow.run.log
?? tasks/reports/runtime/s12-stage-w/logs/task6z_gate3_slow.stderr.log
?? tasks/reports/runtime/s12-stage-w/logs/task6z_gate3_slow.stdout.log
?? tasks/reports/runtime/s12-stage-w/logs/task6z_gate4_bakeoff.run.log
?? tasks/reports/runtime/s12-stage-w/logs/task6z_gate4_bakeoff.stderr.log
?? tasks/reports/runtime/s12-stage-w/logs/task6z_gate4_bakeoff.stdout.log
?? tasks/reports/runtime/s12-stage-w/logs/task6z_gate4_migration_ferrari.run.log
?? tasks/reports/runtime/s12-stage-w/logs/task6z_gate4_migration_ferrari.stderr.log
?? tasks/reports/runtime/s12-stage-w/logs/task6z_gate4_migration_ferrari.stdout.log
?? tasks/reports/runtime/s12-stage-w/logs/task6z_gate4_migration_rx7.run.log
?? tasks/reports/runtime/s12-stage-w/logs/task6z_gate4_migration_rx7.stderr.log
?? tasks/reports/runtime/s12-stage-w/logs/task6z_gate4_migration_rx7.stdout.log
?? tasks/reports/runtime/s12-stage-w/logs/task6z_gate5_json_wav.run.log
?? tasks/reports/runtime/s12-stage-w/logs/task6z_gate5_json_wav.stderr.log
?? tasks/reports/runtime/s12-stage-w/logs/task6z_gate5_json_wav.stdout.log
?? tasks/reports/runtime/s12-stage-w/logs/task6z_gate6_compileall.run.log
?? tasks/reports/runtime/s12-stage-w/logs/task6z_gate6_compileall.stderr.log
?? tasks/reports/runtime/s12-stage-w/logs/task6z_gate6_compileall.stdout.log
?? tasks/reports/runtime/s12-stage-w/logs/task6z_gate7_track_p.run.log
?? tasks/reports/runtime/s12-stage-w/logs/task6z_gate7_track_p.stderr.log
?? tasks/reports/runtime/s12-stage-w/logs/task6z_gate7_track_p.stdout.log
?? tasks/reports/runtime/s12-stage-w/logs/task6z_gate8_diffcheck.run.log
?? tasks/reports/runtime/s12-stage-w/logs/task6z_gate8_diffcheck.stderr.log
?? tasks/reports/runtime/s12-stage-w/logs/task6z_gate8_diffcheck.stdout.log
?? tasks/reports/runtime/s12-stage-w/logs/task6z_gate8_diffcheck_full.run.log
?? tasks/reports/runtime/s12-stage-w/logs/task6z_gate8_diffcheck_full.stderr.log
?? tasks/reports/runtime/s12-stage-w/logs/task6z_gate8_diffcheck_full.stdout.log
