FAIL: Track-P 冻结边界被破坏（基线 S12 Track-P Baseline v3 / ea586bc）
  * 检测到 Track P 冻结路径被改动（已提交）：
    - tasks/reports/runtime/s12-stage-w/bakeoff_final_remediation_v1/P1/afterfire_eligible/post_ptr_raw.wav
    - tasks/reports/runtime/s12-stage-w/bakeoff_final_remediation_v1/P1/afterfire_ineligible/post_ptr_raw.wav
    - tasks/reports/runtime/s12-stage-w/bakeoff_final_remediation_v1/P1/complete_cycle_60s/post_ptr_raw.wav
    - tasks/reports/runtime/s12-stage-w/bakeoff_final_remediation_v1/P1/full_load_acceleration/post_ptr_raw.wav
    - tasks/reports/runtime/s12-stage-w/bakeoff_final_remediation_v1/P1/gear_shift/post_ptr_raw.wav
    - tasks/reports/runtime/s12-stage-w/bakeoff_final_remediation_v1/P1/high_rpm_lift/post_ptr_raw.wav
    - tasks/reports/runtime/s12-stage-w/bakeoff_final_remediation_v1/P1/hot_idle_20s/post_ptr_raw.wav
    - tasks/reports/runtime/s12-stage-w/bakeoff_final_remediation_v1/P1/idle_return/post_ptr_raw.wav
    - tasks/reports/runtime/s12-stage-w/bakeoff_final_remediation_v1/P1/steady_1200rpm/post_ptr_raw.wav
    - tasks/reports/runtime/s12-stage-w/bakeoff_final_remediation_v1/P1/steady_2000rpm/post_ptr_raw.wav
    - tasks/reports/runtime/s12-stage-w/bakeoff_final_remediation_v1/P1/steady_3000rpm/post_ptr_raw.wav
    - tasks/reports/runtime/s12-stage-w/bakeoff_final_remediation_v1/P1/throttle_tip_in/post_ptr_raw.wav
    - tasks/reports/runtime/s12-stage-w/bakeoff_final_remediation_v1/P2/afterfire_eligible/post_ptr_raw.wav
    - tasks/reports/runtime/s12-stage-w/bakeoff_final_remediation_v1/P2/afterfire_ineligible/post_ptr_raw.wav
    - tasks/reports/runtime/s12-stage-w/bakeoff_final_remediation_v1/P2/complete_cycle_60s/post_ptr_raw.wav
    - tasks/reports/runtime/s12-stage-w/bakeoff_final_remediation_v1/P2/full_load_acceleration/post_ptr_raw.wav
    - tasks/reports/runtime/s12-stage-w/bakeoff_final_remediation_v1/P2/gear_shift/post_ptr_raw.wav
    - tasks/reports/runtime/s12-stage-w/bakeoff_final_remediation_v1/P2/high_rpm_lift/post_ptr_raw.wav
    - tasks/reports/runtime/s12-stage-w/bakeoff_final_remediation_v1/P2/hot_idle_20s/post_ptr_raw.wav
    - tasks/reports/runtime/s12-stage-w/bakeoff_final_remediation_v1/P2/idle_return/post_ptr_raw.wav
    - tasks/reports/runtime/s12-stage-w/bakeoff_final_remediation_v1/P2/steady_1200rpm/post_ptr_raw.wav
    - tasks/reports/runtime/s12-stage-w/bakeoff_final_remediation_v1/P2/steady_2000rpm/post_ptr_raw.wav
    - tasks/reports/runtime/s12-stage-w/bakeoff_final_remediation_v1/P2/steady_3000rpm/post_ptr_raw.wav
    - tasks/reports/runtime/s12-stage-w/bakeoff_final_remediation_v1/P2/throttle_tip_in/post_ptr_raw.wav
    - tasks/reports/runtime/s12-stage-w/bakeoff_final_remediation_v1/P2H/afterfire_eligible/post_ptr_raw.wav
    - tasks/reports/runtime/s12-stage-w/bakeoff_final_remediation_v1/P2H/afterfire_ineligible/post_ptr_raw.wav
    - tasks/reports/runtime/s12-stage-w/bakeoff_final_remediation_v1/P2H/complete_cycle_60s/post_ptr_raw.wav
    - tasks/reports/runtime/s12-stage-w/bakeoff_final_remediation_v1/P2H/full_load_acceleration/post_ptr_raw.wav
    - tasks/reports/runtime/s12-stage-w/bakeoff_final_remediation_v1/P2H/gear_shift/post_ptr_raw.wav
    - tasks/reports/runtime/s12-stage-w/bakeoff_final_remediation_v1/P2H/high_rpm_lift/post_ptr_raw.wav
    - tasks/reports/runtime/s12-stage-w/bakeoff_final_remediation_v1/P2H/hot_idle_20s/post_ptr_raw.wav
    - tasks/reports/runtime/s12-stage-w/bakeoff_final_remediation_v1/P2H/idle_return/post_ptr_raw.wav
    - tasks/reports/runtime/s12-stage-w/bakeoff_final_remediation_v1/P2H/steady_1200rpm/post_ptr_raw.wav
    - tasks/reports/runtime/s12-stage-w/bakeoff_final_remediation_v1/P2H/steady_2000rpm/post_ptr_raw.wav
    - tasks/reports/runtime/s12-stage-w/bakeoff_final_remediation_v1/P2H/steady_3000rpm/post_ptr_raw.wav
    - tasks/reports/runtime/s12-stage-w/bakeoff_final_remediation_v1/P2H/throttle_tip_in/post_ptr_raw.wav
    - tasks/reports/runtime/s12-stage-w/bakeoff_final_remediation_v1/P3/afterfire_eligible/post_ptr_raw.wav
    - tasks/reports/runtime/s12-stage-w/bakeoff_final_remediation_v1/P3/afterfire_ineligible/post_ptr_raw.wav
    - tasks/reports/runtime/s12-stage-w/bakeoff_final_remediation_v1/P3/complete_cycle_60s/post_ptr_raw.wav
    - tasks/reports/runtime/s12-stage-w/bakeoff_final_remediation_v1/P3/full_load_acceleration/post_ptr_raw.wav
    - tasks/reports/runtime/s12-stage-w/bakeoff_final_remediation_v1/P3/gear_shift/post_ptr_raw.wav
    - tasks/reports/runtime/s12-stage-w/bakeoff_final_remediation_v1/P3/high_rpm_lift/post_ptr_raw.wav
    - tasks/reports/runtime/s12-stage-w/bakeoff_final_remediation_v1/P3/hot_idle_20s/post_ptr_raw.wav
    - tasks/reports/runtime/s12-stage-w/bakeoff_final_remediation_v1/P3/idle_return/post_ptr_raw.wav
    - tasks/reports/runtime/s12-stage-w/bakeoff_final_remediation_v1/P3/steady_1200rpm/post_ptr_raw.wav
    - tasks/reports/runtime/s12-stage-w/bakeoff_final_remediation_v1/P3/steady_2000rpm/post_ptr_raw.wav
    - tasks/reports/runtime/s12-stage-w/bakeoff_final_remediation_v1/P3/steady_3000rpm/post_ptr_raw.wav
    - tasks/reports/runtime/s12-stage-w/bakeoff_final_remediation_v1/P3/throttle_tip_in/post_ptr_raw.wav
    - tasks/reports/runtime/s12-stage-w/bakeoff_final_remediation_v1/P5/afterfire_eligible/post_ptr_raw.wav
    - tasks/reports/runtime/s12-stage-w/bakeoff_final_remediation_v1/P5/afterfire_ineligible/post_ptr_raw.wav
    - tasks/reports/runtime/s12-stage-w/bakeoff_final_remediation_v1/P5/complete_cycle_60s/post_ptr_raw.wav
    - tasks/reports/runtime/s12-stage-w/bakeoff_final_remediation_v1/P5/full_load_acceleration/post_ptr_raw.wav
    - tasks/reports/runtime/s12-stage-w/bakeoff_final_remediation_v1/P5/gear_shift/post_ptr_raw.wav
    - tasks/reports/runtime/s12-stage-w/bakeoff_final_remediation_v1/P5/high_rpm_lift/post_ptr_raw.wav
    - tasks/reports/runtime/s12-stage-w/bakeoff_final_remediation_v1/P5/hot_idle_20s/post_ptr_raw.wav
    - tasks/reports/runtime/s12-stage-w/bakeoff_final_remediation_v1/P5/idle_return/post_ptr_raw.wav
    - tasks/reports/runtime/s12-stage-w/bakeoff_final_remediation_v1/P5/steady_1200rpm/post_ptr_raw.wav
    - tasks/reports/runtime/s12-stage-w/bakeoff_final_remediation_v1/P5/steady_2000rpm/post_ptr_raw.wav
    - tasks/reports/runtime/s12-stage-w/bakeoff_final_remediation_v1/P5/steady_3000rpm/post_ptr_raw.wav
    - tasks/reports/runtime/s12-stage-w/bakeoff_final_remediation_v1/P5/throttle_tip_in/post_ptr_raw.wav
    - tasks/reports/runtime/s12-stage-w/migration_final_remediation_ferrari_v1/P1/complete_cycle/post_ptr_raw.wav
    - tasks/reports/runtime/s12-stage-w/migration_final_remediation_ferrari_v1/P1/full_pull/post_ptr_raw.wav
    - tasks/reports/runtime/s12-stage-w/migration_final_remediation_ferrari_v1/P1/hot_idle/post_ptr_raw.wav
    - tasks/reports/runtime/s12-stage-w/migration_final_remediation_ferrari_v1/P1/lift/post_ptr_raw.wav
    - tasks/reports/runtime/s12-stage-w/migration_final_remediation_ferrari_v1/P1/steady_mid/post_ptr_raw.wav
    - tasks/reports/runtime/s12-stage-w/migration_final_remediation_ferrari_v1/P2H/complete_cycle/post_ptr_raw.wav
    - tasks/reports/runtime/s12-stage-w/migration_final_remediation_ferrari_v1/P2H/full_pull/post_ptr_raw.wav
    - tasks/reports/runtime/s12-stage-w/migration_final_remediation_ferrari_v1/P2H/hot_idle/post_ptr_raw.wav
    - tasks/reports/runtime/s12-stage-w/migration_final_remediation_ferrari_v1/P2H/lift/post_ptr_raw.wav
    - tasks/reports/runtime/s12-stage-w/migration_final_remediation_ferrari_v1/P2H/steady_mid/post_ptr_raw.wav
    - tasks/reports/runtime/s12-stage-w/migration_final_remediation_ferrari_v1/P3/complete_cycle/post_ptr_raw.wav
    - tasks/reports/runtime/s12-stage-w/migration_final_remediation_ferrari_v1/P3/full_pull/post_ptr_raw.wav
    - tasks/reports/runtime/s12-stage-w/migration_final_remediation_ferrari_v1/P3/hot_idle/post_ptr_raw.wav
    - tasks/reports/runtime/s12-stage-w/migration_final_remediation_ferrari_v1/P3/lift/post_ptr_raw.wav
    - tasks/reports/runtime/s12-stage-w/migration_final_remediation_ferrari_v1/P3/steady_mid/post_ptr_raw.wav
    - tasks/reports/runtime/s12-stage-w/migration_final_remediation_ferrari_v2/P1/complete_cycle/post_ptr_raw.wav
    - tasks/reports/runtime/s12-stage-w/migration_final_remediation_ferrari_v2/P1/full_pull/post_ptr_raw.wav
    - tasks/reports/runtime/s12-stage-w/migration_final_remediation_ferrari_v2/P1/hot_idle/post_ptr_raw.wav
    - tasks/reports/runtime/s12-stage-w/migration_final_remediation_ferrari_v2/P1/lift/post_ptr_raw.wav
    - tasks/reports/runtime/s12-stage-w/migration_final_remediation_ferrari_v2/P1/steady_mid/post_ptr_raw.wav
    - tasks/reports/runtime/s12-stage-w/migration_final_remediation_ferrari_v2/P2H/complete_cycle/post_ptr_raw.wav
    - tasks/reports/runtime/s12-stage-w/migration_final_remediation_ferrari_v2/P2H/full_pull/post_ptr_raw.wav
    - tasks/reports/runtime/s12-stage-w/migration_final_remediation_ferrari_v2/P2H/hot_idle/post_ptr_raw.wav
    - tasks/reports/runtime/s12-stage-w/migration_final_remediation_ferrari_v2/P2H/lift/post_ptr_raw.wav
    - tasks/reports/runtime/s12-stage-w/migration_final_remediation_ferrari_v2/P2H/steady_mid/post_ptr_raw.wav
    - tasks/reports/runtime/s12-stage-w/migration_final_remediation_ferrari_v2/P3/complete_cycle/post_ptr_raw.wav
    - tasks/reports/runtime/s12-stage-w/migration_final_remediation_ferrari_v2/P3/full_pull/post_ptr_raw.wav
    - tasks/reports/runtime/s12-stage-w/migration_final_remediation_ferrari_v2/P3/hot_idle/post_ptr_raw.wav
    - tasks/reports/runtime/s12-stage-w/migration_final_remediation_ferrari_v2/P3/lift/post_ptr_raw.wav
    - tasks/reports/runtime/s12-stage-w/migration_final_remediation_ferrari_v2/P3/steady_mid/post_ptr_raw.wav
    - tasks/reports/runtime/s12-stage-w/migration_final_remediation_ferrari_v3/P1/complete_cycle/post_ptr_raw.wav
    - tasks/reports/runtime/s12-stage-w/migration_final_remediation_ferrari_v3/P1/full_pull/post_ptr_raw.wav
    - tasks/reports/runtime/s12-stage-w/migration_final_remediation_ferrari_v3/P1/hot_idle/post_ptr_raw.wav
    - tasks/reports/runtime/s12-stage-w/migration_final_remediation_ferrari_v3/P1/lift/post_ptr_raw.wav
    - tasks/reports/runtime/s12-stage-w/migration_final_remediation_ferrari_v3/P1/steady_mid/post_ptr_raw.wav
    - tasks/reports/runtime/s12-stage-w/migration_final_remediation_ferrari_v3/P2H/complete_cycle/post_ptr_raw.wav
    - tasks/reports/runtime/s12-stage-w/migration_final_remediation_ferrari_v3/P2H/full_pull/post_ptr_raw.wav
    - tasks/reports/runtime/s12-stage-w/migration_final_remediation_ferrari_v3/P2H/hot_idle/post_ptr_raw.wav
    - tasks/reports/runtime/s12-stage-w/migration_final_remediation_ferrari_v3/P2H/lift/post_ptr_raw.wav
    - tasks/reports/runtime/s12-stage-w/migration_final_remediation_ferrari_v3/P2H/steady_mid/post_ptr_raw.wav
    - tasks/reports/runtime/s12-stage-w/migration_final_remediation_ferrari_v3/P3/complete_cycle/post_ptr_raw.wav
    - tasks/reports/runtime/s12-stage-w/migration_final_remediation_ferrari_v3/P3/full_pull/post_ptr_raw.wav
    - tasks/reports/runtime/s12-stage-w/migration_final_remediation_ferrari_v3/P3/hot_idle/post_ptr_raw.wav
    - tasks/reports/runtime/s12-stage-w/migration_final_remediation_ferrari_v3/P3/lift/post_ptr_raw.wav
    - tasks/reports/runtime/s12-stage-w/migration_final_remediation_ferrari_v3/P3/steady_mid/post_ptr_raw.wav
    - tasks/reports/runtime/s12-stage-w/migration_final_remediation_rx7_v1/P1/complete_cycle/post_ptr_raw.wav
    - tasks/reports/runtime/s12-stage-w/migration_final_remediation_rx7_v1/P1/full_pull/post_ptr_raw.wav
    - tasks/reports/runtime/s12-stage-w/migration_final_remediation_rx7_v1/P1/hot_idle/post_ptr_raw.wav
    - tasks/reports/runtime/s12-stage-w/migration_final_remediation_rx7_v1/P1/lift/post_ptr_raw.wav
    - tasks/reports/runtime/s12-stage-w/migration_final_remediation_rx7_v1/P1/steady_mid/post_ptr_raw.wav
    - tasks/reports/runtime/s12-stage-w/migration_final_remediation_rx7_v1/P2H/complete_cycle/post_ptr_raw.wav
    - tasks/reports/runtime/s12-stage-w/migration_final_remediation_rx7_v1/P2H/full_pull/post_ptr_raw.wav
    - tasks/reports/runtime/s12-stage-w/migration_final_remediation_rx7_v1/P2H/hot_idle/post_ptr_raw.wav
    - tasks/reports/runtime/s12-stage-w/migration_final_remediation_rx7_v1/P2H/lift/post_ptr_raw.wav
    - tasks/reports/runtime/s12-stage-w/migration_final_remediation_rx7_v1/P2H/steady_mid/post_ptr_raw.wav
    - tasks/reports/runtime/s12-stage-w/migration_final_remediation_rx7_v1/P3/complete_cycle/post_ptr_raw.wav
    - tasks/reports/runtime/s12-stage-w/migration_final_remediation_rx7_v1/P3/full_pull/post_ptr_raw.wav
    - tasks/reports/runtime/s12-stage-w/migration_final_remediation_rx7_v1/P3/hot_idle/post_ptr_raw.wav
    - tasks/reports/runtime/s12-stage-w/migration_final_remediation_rx7_v1/P3/lift/post_ptr_raw.wav
    - tasks/reports/runtime/s12-stage-w/migration_final_remediation_rx7_v1/P3/steady_mid/post_ptr_raw.wav
  * 冻结文件数量变化：期望 180，实际 300（新增/删除冻结文件同样属于越界）
  * 冻结文件清单摘要不匹配：
    期望 94281467e14a66780232fb6ae04bd01917a58a3332721967a80c41f4d6217a8a
    实际 07fdef73981ce04f0caf62930c3792581f835d7509ec42a5c5a648398325073b
