..FF..F.....                                                             [100%]
================================== FAILURES ===================================
_ test_each_transient_latch_releases_before_the_same_threshold_can_trigger_again _

    def test_each_transient_latch_releases_before_the_same_threshold_can_trigger_again() -> None:
        # Each scenario is isolated so the assertion proves the event-specific
        # latch/re-arm contract rather than relying on another event's state.
        mixer = StateTransientMixer(sample_rate_hz=48000)
        mixer.render_block(960, throttle=0.18, rpm=4200.0, boost=0.70, dt=0.020)
        for _ in range(3):
            _, diagnostics = mixer.render_block(960, throttle=0.90, rpm=4200.0, boost=0.70, dt=0.020)
        assert diagnostics["transient_tip_in_count"] == 1
        mixer.render_block(960, throttle=0.18, rpm=4200.0, boost=0.70, dt=0.020)
        _, diagnostics = mixer.render_block(960, throttle=0.90, rpm=4200.0, boost=0.70, dt=0.020)
        assert diagnostics["transient_tip_in_count"] == 2
    
        mixer = StateTransientMixer(sample_rate_hz=48000)
        mixer.render_block(960, throttle=0.90, rpm=4200.0, boost=0.70, dt=0.020)
        for throttle in (0.40, 0.0, 0.0):
            _, diagnostics = mixer.render_block(960, throttle=throttle, rpm=4200.0, boost=0.70, dt=0.020)
>       assert diagnostics["transient_lift_count"] == 1
E       assert 2 == 1

tools\sound_sim\s12\acoustic_identity_v015\tests\test_s12_stage_y_transients.py:130: AssertionError
_____ test_shift_tail_uses_maximum_packet_duration_and_drains_completely ______

    def test_shift_tail_uses_maximum_packet_duration_and_drains_completely() -> None:
        mixer = StateTransientMixer(sample_rate_hz=48000)
        mixer.render_block(960, throttle=0.75, rpm=4200.0, boost=0.70, dt=0.020)
        first, diagnostics = mixer.render_block(960, throttle=0.75, rpm=3200.0, boost=0.70, dt=0.020)
        assert diagnostics["transient_shift_count"] == 1
        later = []
        for _ in range(5):
            block, _ = mixer.render_block(960, throttle=0.75, rpm=3200.0, boost=0.70, dt=0.020)
            later.append(block)
        assert np.any(first)
>       assert np.any(later[3])  # 80-100 ms: beyond the old 80 ms allocation.
        ^^^^^^^^^^^^^^^^^^^^^^^
E       assert np.False_
E        +  where np.False_ = <function any at 0x000002DC3E801D70>(array([[0., 0.],\n       [0., 0.],\n       [0., 0.],\n       ...,\n       [0., 0.],\n       [0., 0.],\n       [0., 0.]], shape=(960, 2)))
E        +    where <function any at 0x000002DC3E801D70> = np.any

tools\sound_sim\s12\acoustic_identity_v015\tests\test_s12_stage_y_transients.py:166: AssertionError
_ test_real_p5_diagnostics_propagate_all_transient_stems_and_bakeoff_aggregates_them _

    def test_real_p5_diagnostics_propagate_all_transient_stems_and_bakeoff_aggregates_them() -> None:
        trace = build_hellcat_bakeoff_trace("gear_shift", 2.0)
        _raw, _post, _monitor, diagnostics = _render_architecture("P5", trace)
        count_keys = tuple(f"transient_{name}_count" for name in ("tip_in", "lift", "shift", "bov"))
        energy_keys = tuple(f"transient_{name}_stem_energy" for name in ("tip_in", "lift", "shift", "bov"))
>       assert all(key in diagnostics for key in count_keys + energy_keys)
E       assert False
E        +  where False = all(<generator object test_real_p5_diagnostics_propagate_all_transient_stems_and_bakeoff_aggregates_them.<locals>.<genexpr> at 0x000002DC0E6D6260>)

tools\sound_sim\s12\acoustic_identity_v015\tests\test_s12_stage_y_transients.py:211: AssertionError
=========================== short test summary info ===========================
FAILED tools/sound_sim/s12/acoustic_identity_v015/tests/test_s12_stage_y_transients.py::test_each_transient_latch_releases_before_the_same_threshold_can_trigger_again
FAILED tools/sound_sim/s12/acoustic_identity_v015/tests/test_s12_stage_y_transients.py::test_shift_tail_uses_maximum_packet_duration_and_drains_completely
FAILED tools/sound_sim/s12/acoustic_identity_v015/tests/test_s12_stage_y_transients.py::test_real_p5_diagnostics_propagate_all_transient_stems_and_bakeoff_aggregates_them
3 failed, 9 passed in 8.44s
