....................................................... [  4%]
................................ [  6%]
................................................ [  9%]
.................................................................. [ 14%]
............................................. [ 17%]
........................................................................ [ 23%]
........................................................................ [ 28%]
........................................................................................................ [ 36%]
.................................................................. [ 40%]
........................................................................ [ 46%]
........................................................................ [ 51%]
........................................................................ [ 56%]
........................................................................ [ 61%]
........................................................................ [ 67%]
........................................................................ [ 72%]
........................................................................ [ 77%]
...............................................s........................ [ 82%]
........................................................................ [ 88%]
.................s...................................................... [ 93%]
........................................................................ [ 98%]
...................                                                      [100%]
============================== warnings summary ===============================
tools\sound_sim\s12\acoustic_identity_v015\tests\test_s12_stage_k_gtr_parallel_turbo_v3.py:167
  E:\Tesla_speed\worktrees\s12-stage-y-final-closure\tools\sound_sim\s12\acoustic_identity_v015\tests\test_s12_stage_k_gtr_parallel_turbo_v3.py:167: SyntaxWarning: "\[" is an invalid escape sequence. Such sequences will not work in the future. Did you mean "\\["? A raw string is also an option.
    with pytest.raises(ValueError, match="turbo_whistle_mix must be in \[0, 1\]"):

-- Docs: https://docs.pytest.org/en/stable/how-to/capture-warnings.html
1369 passed, 2 skipped, 1 warning, 232 subtests passed in 2865.51s (0:47:45)
