....................................................... [  4%]
................................ [  6%]
................................................ [  9%]
.................................................................. [ 14%]
............................................. [ 17%]
........................................................................ [ 23%]
........................................................................ [ 28%]
........................................................................................................ [ 36%]
.................................................................. [ 40%]
........................................................................ [ 46%]
........................................................................ [ 51%]
........................................................................ [ 56%]
........................................................................ [ 61%]
........................................................................ [ 67%]
........................................................................ [ 72%]
........................................................................ [ 77%]
...............................................s........................ [ 82%]
........................................................................ [ 88%]
.................s...................................................... [ 93%]
........................................................................ [ 98%]
....................                                                     [100%]
1370 passed, 2 skipped, 232 subtests passed in 2350.93s (0:39:10)
